------------------------------------------------------------
TimeQuest Timing Analyzer Summary
------------------------------------------------------------

Type  : Slow 1200mV 85C Model Setup 'clk'
Slack : 7.558
TNS   : 0.000

Type  : Slow 1200mV 85C Model Hold 'clk'
Slack : 0.403
TNS   : 0.000

Type  : Slow 1200mV 85C Model Recovery 'clk'
Slack : 1.520
TNS   : 0.000

Type  : Slow 1200mV 85C Model Removal 'clk'
Slack : 2.288
TNS   : 0.000

Type  : Slow 1200mV 85C Model Minimum Pulse Width 'clk'
Slack : 9.756
TNS   : 0.000

Type  : Slow 1200mV 0C Model Setup 'clk'
Slack : 8.396
TNS   : 0.000

Type  : Slow 1200mV 0C Model Hold 'clk'
Slack : 0.355
TNS   : 0.000

Type  : Slow 1200mV 0C Model Recovery 'clk'
Slack : 1.998
TNS   : 0.000

Type  : Slow 1200mV 0C Model Removal 'clk'
Slack : 2.083
TNS   : 0.000

Type  : Slow 1200mV 0C Model Minimum Pulse Width 'clk'
Slack : 9.777
TNS   : 0.000

Type  : Fast 1200mV 0C Model Setup 'clk'
Slack : 11.833
TNS   : 0.000

Type  : Fast 1200mV 0C Model Hold 'clk'
Slack : 0.182
TNS   : 0.000

Type  : Fast 1200mV 0C Model Recovery 'clk'
Slack : 2.805
TNS   : 0.000

Type  : Fast 1200mV 0C Model Removal 'clk'
Slack : 1.140
TNS   : 0.000

Type  : Fast 1200mV 0C Model Minimum Pulse Width 'clk'
Slack : 9.437
TNS   : 0.000

------------------------------------------------------------
