------------------------------------------------------------
TimeQuest Timing Analyzer Summary
------------------------------------------------------------

Type  : Slow 1200mV 85C Model Setup 'clk'
Slack : 5.651
TNS   : 0.000

Type  : Slow 1200mV 85C Model Hold 'clk'
Slack : 0.403
TNS   : 0.000

Type  : Slow 1200mV 85C Model Recovery 'clk'
Slack : 1.604
TNS   : 0.000

Type  : Slow 1200mV 85C Model Removal 'clk'
Slack : 2.237
TNS   : 0.000

Type  : Slow 1200mV 85C Model Minimum Pulse Width 'clk'
Slack : 9.749
TNS   : 0.000

Type  : Slow 1200mV 0C Model Setup 'clk'
Slack : 6.584
TNS   : 0.000

Type  : Slow 1200mV 0C Model Hold 'clk'
Slack : 0.356
TNS   : 0.000

Type  : Slow 1200mV 0C Model Recovery 'clk'
Slack : 2.093
TNS   : 0.000

Type  : Slow 1200mV 0C Model Removal 'clk'
Slack : 2.000
TNS   : 0.000

Type  : Slow 1200mV 0C Model Minimum Pulse Width 'clk'
Slack : 9.773
TNS   : 0.000

Type  : Fast 1200mV 0C Model Setup 'clk'
Slack : 10.777
TNS   : 0.000

Type  : Fast 1200mV 0C Model Hold 'clk'
Slack : 0.183
TNS   : 0.000

Type  : Fast 1200mV 0C Model Recovery 'clk'
Slack : 2.860
TNS   : 0.000

Type  : Fast 1200mV 0C Model Removal 'clk'
Slack : 1.116
TNS   : 0.000

Type  : Fast 1200mV 0C Model Minimum Pulse Width 'clk'
Slack : 9.436
TNS   : 0.000

------------------------------------------------------------
