------------------------------------------------------------
TimeQuest Timing Analyzer Summary
------------------------------------------------------------

Type  : Slow 1200mV 85C Model Setup 'clk'
Slack : 4.250
TNS   : 0.000

Type  : Slow 1200mV 85C Model Hold 'clk'
Slack : 0.402
TNS   : 0.000

Type  : Slow 1200mV 85C Model Recovery 'clk'
Slack : 1.332
TNS   : 0.000

Type  : Slow 1200mV 85C Model Removal 'clk'
Slack : 2.602
TNS   : 0.000

Type  : Slow 1200mV 85C Model Minimum Pulse Width 'clk'
Slack : 9.419
TNS   : 0.000

Type  : Slow 1200mV 0C Model Setup 'clk'
Slack : 5.751
TNS   : 0.000

Type  : Slow 1200mV 0C Model Hold 'clk'
Slack : 0.354
TNS   : 0.000

Type  : Slow 1200mV 0C Model Recovery 'clk'
Slack : 1.828
TNS   : 0.000

Type  : Slow 1200mV 0C Model Removal 'clk'
Slack : 2.334
TNS   : 0.000

Type  : Slow 1200mV 0C Model Minimum Pulse Width 'clk'
Slack : 9.444
TNS   : 0.000

Type  : Fast 1200mV 0C Model Setup 'clk'
Slack : 12.258
TNS   : 0.000

Type  : Fast 1200mV 0C Model Hold 'clk'
Slack : 0.182
TNS   : 0.000

Type  : Fast 1200mV 0C Model Recovery 'clk'
Slack : 2.580
TNS   : 0.000

Type  : Fast 1200mV 0C Model Removal 'clk'
Slack : 1.280
TNS   : 0.000

Type  : Fast 1200mV 0C Model Minimum Pulse Width 'clk'
Slack : 9.200
TNS   : 0.000

------------------------------------------------------------
